../Core/Src/main.c:74:5:main	8	static
../Core/Src/main.c:108:6:SystemClock_Config	88	static
../Core/Src/main.c:146:6:UART2_Init	8	static
../Core/Src/main.c:162:6:UART1_Init	8	static
../Core/Src/main.c:179:6:TIMER6_Init	8	static
../Core/Src/main.c:194:6:TIMER2_Init	40	static
../Core/Src/main.c:218:6:GPIO_Init	56	static
../Core/Src/main.c:245:6:HAL_UART_RxCpltCallback	16	static
../Core/Src/main.c:280:6:delay_us	16	static
../Core/Src/main.c:293:6:delay_ms	16	static
../Core/Src/main.c:309:6:Step_Motor_Init	8	static
../Core/Src/main.c:326:6:Error_Handler	4	static
