../Core/Src/main.c:49:5:main	8	static
../Core/Src/main.c:88:6:SystemClock_Config	88	static
../Core/Src/main.c:126:6:UART2_Init	8	static
../Core/Src/main.c:144:6:TIMER6_Init	8	static
../Core/Src/main.c:161:6:TIMER2_Init	40	static
../Core/Src/main.c:194:6:TIMER3_Init	40	static
../Core/Src/main.c:223:6:GPIO_Init	88	static
../Core/Src/main.c:270:6:HAL_GPIO_EXTI_Callback	24	static
../Core/Src/main.c:320:6:HAL_UART_RxCpltCallback	16	static
../Core/Src/main.c:398:6:delay_us	16	static
../Core/Src/main.c:411:6:delay_ms	16	static
../Core/Src/main.c:427:6:Step_Motor_Init	8	static
../Core/Src/main.c:444:6:Dc_Motor_Init	8	static
../Core/Src/main.c:452:6:Error_Handler	4	static
