Archive member included to satisfy reference by file (symbol)

c:/st/stm32cubeide_1.12.1/stm32cubeide/plugins/com.st.stm32cube.ide.mcu.externaltools.gnu-tools-for-stm32.10.3-2021.10.win32_1.0.200.202301161003/tools/bin/../lib/gcc/arm-none-eabi/10.3.1/../../../../arm-none-eabi/lib/thumb/v7e-m+fp/hard\libc_nano.a(lib_a-exit.o)
                              c:/st/stm32cubeide_1.12.1/stm32cubeide/plugins/com.st.stm32cube.ide.mcu.externaltools.gnu-tools-for-stm32.10.3-2021.10.win32_1.0.200.202301161003/tools/bin/../lib/gcc/arm-none-eabi/10.3.1/../../../../arm-none-eabi/lib/thumb/v7e-m+fp/hard/crt0.o (exit)
c:/st/stm32cubeide_1.12.1/stm32cubeide/plugins/com.st.stm32cube.ide.mcu.externaltools.gnu-tools-for-stm32.10.3-2021.10.win32_1.0.200.202301161003/tools/bin/../lib/gcc/arm-none-eabi/10.3.1/../../../../arm-none-eabi/lib/thumb/v7e-m+fp/hard\libc_nano.a(lib_a-impure.o)
                              c:/st/stm32cubeide_1.12.1/stm32cubeide/plugins/com.st.stm32cube.ide.mcu.externaltools.gnu-tools-for-stm32.10.3-2021.10.win32_1.0.200.202301161003/tools/bin/../lib/gcc/arm-none-eabi/10.3.1/../../../../arm-none-eabi/lib/thumb/v7e-m+fp/hard\libc_nano.a(lib_a-exit.o) (_global_impure_ptr)
c:/st/stm32cubeide_1.12.1/stm32cubeide/plugins/com.st.stm32cube.ide.mcu.externaltools.gnu-tools-for-stm32.10.3-2021.10.win32_1.0.200.202301161003/tools/bin/../lib/gcc/arm-none-eabi/10.3.1/../../../../arm-none-eabi/lib/thumb/v7e-m+fp/hard\libc_nano.a(lib_a-init.o)
                              c:/st/stm32cubeide_1.12.1/stm32cubeide/plugins/com.st.stm32cube.ide.mcu.externaltools.gnu-tools-for-stm32.10.3-2021.10.win32_1.0.200.202301161003/tools/bin/../lib/gcc/arm-none-eabi/10.3.1/../../../../arm-none-eabi/lib/thumb/v7e-m+fp/hard/crt0.o (__libc_init_array)
c:/st/stm32cubeide_1.12.1/stm32cubeide/plugins/com.st.stm32cube.ide.mcu.externaltools.gnu-tools-for-stm32.10.3-2021.10.win32_1.0.200.202301161003/tools/bin/../lib/gcc/arm-none-eabi/10.3.1/../../../../arm-none-eabi/lib/thumb/v7e-m+fp/hard\libc_nano.a(lib_a-memset.o)
                              c:/st/stm32cubeide_1.12.1/stm32cubeide/plugins/com.st.stm32cube.ide.mcu.externaltools.gnu-tools-for-stm32.10.3-2021.10.win32_1.0.200.202301161003/tools/bin/../lib/gcc/arm-none-eabi/10.3.1/../../../../arm-none-eabi/lib/thumb/v7e-m+fp/hard/crt0.o (memset)
c:/st/stm32cubeide_1.12.1/stm32cubeide/plugins/com.st.stm32cube.ide.mcu.externaltools.gnu-tools-for-stm32.10.3-2021.10.win32_1.0.200.202301161003/tools/bin/../lib/gcc/arm-none-eabi/10.3.1/../../../../arm-none-eabi/lib/thumb/v7e-m+fp/hard\libc_nano.a(lib_a-strstr.o)
                              ./Core/Src/ESP_Handle.o (strstr)
c:/st/stm32cubeide_1.12.1/stm32cubeide/plugins/com.st.stm32cube.ide.mcu.externaltools.gnu-tools-for-stm32.10.3-2021.10.win32_1.0.200.202301161003/tools/bin/../lib/gcc/arm-none-eabi/10.3.1/thumb/v7e-m+fp/hard\libgcc.a(_arm_addsubdf3.o)
                              ./Core/Src/stepMotor.o (__aeabi_i2d)
c:/st/stm32cubeide_1.12.1/stm32cubeide/plugins/com.st.stm32cube.ide.mcu.externaltools.gnu-tools-for-stm32.10.3-2021.10.win32_1.0.200.202301161003/tools/bin/../lib/gcc/arm-none-eabi/10.3.1/thumb/v7e-m+fp/hard\libgcc.a(_arm_muldivdf3.o)
                              ./Core/Src/stepMotor.o (__aeabi_ddiv)
c:/st/stm32cubeide_1.12.1/stm32cubeide/plugins/com.st.stm32cube.ide.mcu.externaltools.gnu-tools-for-stm32.10.3-2021.10.win32_1.0.200.202301161003/tools/bin/../lib/gcc/arm-none-eabi/10.3.1/thumb/v7e-m+fp/hard\libgcc.a(_arm_fixunsdfsi.o)
                              ./Core/Src/stepMotor.o (__aeabi_d2uiz)
c:/st/stm32cubeide_1.12.1/stm32cubeide/plugins/com.st.stm32cube.ide.mcu.externaltools.gnu-tools-for-stm32.10.3-2021.10.win32_1.0.200.202301161003/tools/bin/../lib/gcc/arm-none-eabi/10.3.1/thumb/v7e-m+fp/hard\libgcc.a(_aeabi_uldivmod.o)
                              ./Drivers/STM32F4xx_HAL_Driver/Src/stm32f4xx_hal_rcc.o (__aeabi_uldivmod)
c:/st/stm32cubeide_1.12.1/stm32cubeide/plugins/com.st.stm32cube.ide.mcu.externaltools.gnu-tools-for-stm32.10.3-2021.10.win32_1.0.200.202301161003/tools/bin/../lib/gcc/arm-none-eabi/10.3.1/thumb/v7e-m+fp/hard\libgcc.a(_udivmoddi4.o)
                              c:/st/stm32cubeide_1.12.1/stm32cubeide/plugins/com.st.stm32cube.ide.mcu.externaltools.gnu-tools-for-stm32.10.3-2021.10.win32_1.0.200.202301161003/tools/bin/../lib/gcc/arm-none-eabi/10.3.1/thumb/v7e-m+fp/hard\libgcc.a(_aeabi_uldivmod.o) (__udivmoddi4)
c:/st/stm32cubeide_1.12.1/stm32cubeide/plugins/com.st.stm32cube.ide.mcu.externaltools.gnu-tools-for-stm32.10.3-2021.10.win32_1.0.200.202301161003/tools/bin/../lib/gcc/arm-none-eabi/10.3.1/thumb/v7e-m+fp/hard\libgcc.a(_dvmd_tls.o)
                              c:/st/stm32cubeide_1.12.1/stm32cubeide/plugins/com.st.stm32cube.ide.mcu.externaltools.gnu-tools-for-stm32.10.3-2021.10.win32_1.0.200.202301161003/tools/bin/../lib/gcc/arm-none-eabi/10.3.1/thumb/v7e-m+fp/hard\libgcc.a(_aeabi_uldivmod.o) (__aeabi_ldiv0)
[...]
Memory Configuration

Name             Origin             Length             Attributes
CCMRAM           0x0000000010000000 0x0000000000010000 xrw
RAM              0x0000000020000000 0x0000000000020000 xrw
FLASH            0x0000000008000000 0x0000000000100000 xr
*default*        0x0000000000000000 0xffffffffffffffff

Linker script and memory map

LOAD c:/st/stm32cubeide_1.12.1/stm32cubeide/plugins/com.st.stm32cube.ide.mcu.externaltools.gnu-tools-for-stm32.10.3-2021.10.win32_1.0.200.202301161003/tools/bin/../lib/gcc/arm-none-eabi/10.3.1/thumb/v7e-m+fp/hard/crti.o
LOAD c:/st/stm32cubeide_1.12.1/stm32cubeide/plugins/com.st.stm32cube.ide.mcu.externaltools.gnu-tools-for-stm32.10.3-2021.10.win32_1.0.200.202301161003/tools/bin/../lib/gcc/arm-none-eabi/10.3.1/thumb/v7e-m+fp/hard/crtbegin.o
LOAD c:/st/stm32cubeide_1.12.1/stm32cubeide/plugins/com.st.stm32cube.ide.mcu.externaltools.gnu-tools-for-stm32.10.3-2021.10.win32_1.0.200.202301161003/tools/bin/../lib/gcc/arm-none-eabi/10.3.1/../../../../arm-none-eabi/lib/thumb/v7e-m+fp/hard/crt0.o
LOAD ./Core/Src/ESP_Handle.o
LOAD ./Core/Src/Helper_Func.o
LOAD ./Core/Src/ServoMotor.o
LOAD ./Core/Src/dcMotor.o
LOAD ./Core/Src/it.o
LOAD ./Core/Src/main.o
LOAD ./Core/Src/msp.o
LOAD ./Core/Src/stepMotor.o
LOAD ./Core/Src/system_stm32f4xx.o
LOAD ./Core/Startup/startup_stm32f407vgtx.o
LOAD ./Drivers/STM32F4xx_HAL_Driver/Src/stm32f4xx_hal.o
LOAD ./Drivers/STM32F4xx_HAL_Driver/Src/stm32f4xx_hal_cortex.o
LOAD ./Drivers/STM32F4xx_HAL_Driver/Src/stm32f4xx_hal_dma.o
LOAD ./Drivers/STM32F4xx_HAL_Driver/Src/stm32f4xx_hal_dma_ex.o
LOAD ./Drivers/STM32F4xx_HAL_Driver/Src/stm32f4xx_hal_exti.o
LOAD ./Drivers/STM32F4xx_HAL_Driver/Src/stm32f4xx_hal_flash.o
LOAD ./Drivers/STM32F4xx_HAL_Driver/Src/stm32f4xx_hal_flash_ex.o
LOAD ./Drivers/STM32F4xx_HAL_Driver/Src/stm32f4xx_hal_flash_ramfunc.o
LOAD ./Drivers/STM32F4xx_HAL_Driver/Src/stm32f4xx_hal_gpio.o
LOAD ./Drivers/STM32F4xx_HAL_Driver/Src/stm32f4xx_hal_pwr.o
LOAD ./Drivers/STM32F4xx_HAL_Driver/Src/stm32f4xx_hal_pwr_ex.o
LOAD ./Drivers/STM32F4xx_HAL_Driver/Src/stm32f4xx_hal_rcc.o
LOAD ./Drivers/STM32F4xx_HAL_Driver/Src/stm32f4xx_hal_rcc_ex.o
LOAD ./Drivers/STM32F4xx_HAL_Driver/Src/stm32f4xx_hal_tim.o
LOAD ./Drivers/STM32F4xx_HAL_Driver/Src/stm32f4xx_hal_tim_ex.o
LOAD ./Drivers/STM32F4xx_HAL_Driver/Src/stm32f4xx_hal_uart.o
START GROUP
LOAD c:/st/stm32cubeide_1.12.1/stm32cubeide/plugins/com.st.stm32cube.ide.mcu.externaltools.gnu-tools-for-stm32.10.3-2021.10.win32_1.0.200.202301161003/tools/bin/../lib/gcc/arm-none-eabi/10.3.1/../../../../arm-none-eabi/lib/thumb/v7e-m+fp/hard\libc_nano.a
LOAD c:/st/stm32cubeide_1.12.1/stm32cubeide/plugins/com.st.stm32cube.ide.mcu.externaltools.gnu-tools-for-stm32.10.3-2021.10.win32_1.0.200.202301161003/tools/bin/../lib/gcc/arm-none-eabi/10.3.1/../../../../arm-none-eabi/lib/thumb/v7e-m+fp/hard\libm.a
END GROUP
START GROUP
LOAD c:/st/stm32cubeide_1.12.1/stm32cubeide/plugins/com.st.stm32cube.ide.mcu.externaltools.gnu-tools-for-stm32.10.3-2021.10.win32_1.0.200.202301161003/tools/bin/../lib/gcc/arm-none-eabi/10.3.1/thumb/v7e-m+fp/hard\libgcc.a
LOAD c:/st/stm32cubeide_1.12.1/stm32cubeide/plugins/com.st.stm32cube.ide.mcu.externaltools.gnu-tools-for-stm32.10.3-2021.10.win32_1.0.200.202301161003/tools/bin/../lib/gcc/arm-none-eabi/10.3.1/../../../../arm-none-eabi/lib/thumb/v7e-m+fp/hard\libc_nano.a
END GROUP
START GROUP
LOAD c:/st/stm32cubeide_1.12.1/stm32cubeide/plugins/com.st.stm32cube.ide.mcu.externaltools.gnu-tools-for-stm32.10.3-2021.10.win32_1.0.200.202301161003/tools/bin/../lib/gcc/arm-none-eabi/10.3.1/thumb/v7e-m+fp/hard\libgcc.a
LOAD c:/st/stm32cubeide_1.12.1/stm32cubeide/plugins/com.st.stm32cube.ide.mcu.externaltools.gnu-tools-for-stm32.10.3-2021.10.win32_1.0.200.202301161003/tools/bin/../lib/gcc/arm-none-eabi/10.3.1/../../../../arm-none-eabi/lib/thumb/v7e-m+fp/hard\libc_nano.a
LOAD c:/st/stm32cubeide_1.12.1/stm32cubeide/plugins/com.st.stm32cube.ide.mcu.externaltools.gnu-tools-for-stm32.10.3-2021.10.win32_1.0.200.202301161003/tools/bin/../lib/gcc/arm-none-eabi/10.3.1/../../../../arm-none-eabi/lib/thumb/v7e-m+fp/hard\libnosys.a
END GROUP
START GROUP
LOAD c:/st/stm32cubeide_1.12.1/stm32cubeide/plugins/com.st.stm32cube.ide.mcu.externaltools.gnu-tools-for-stm32.10.3-2021.10.win32_1.0.200.202301161003/tools/bin/../lib/gcc/arm-none-eabi/10.3.1/thumb/v7e-m+fp/hard\libgcc.a
LOAD c:/st/stm32cubeide_1.12.1/stm32cubeide/plugins/com.st.stm32cube.ide.mcu.externaltools.gnu-tools-for-stm32.10.3-2021.10.win32_1.0.200.202301161003/tools/bin/../lib/gcc/arm-none-eabi/10.3.1/../../../../arm-none-eabi/lib/thumb/v7e-m+fp/hard\libc_nano.a
LOAD c:/st/stm32cubeide_1.12.1/stm32cubeide/plugins/com.st.stm32cube.ide.mcu.externaltools.gnu-tools-for-stm32.10.3-2021.10.win32_1.0.200.202301161003/tools/bin/../lib/gcc/arm-none-eabi/10.3.1/../../../../arm-none-eabi/lib/thumb/v7e-m+fp/hard\libnosys.a
END GROUP
LOAD c:/st/stm32cubeide_1.12.1/stm32cubeide/plugins/com.st.stm32cube.ide.mcu.externaltools.gnu-tools-for-stm32.10.3-2021.10.win32_1.0.200.202301161003/tools/bin/../lib/gcc/arm-none-eabi/10.3.1/thumb/v7e-m+fp/hard/crtend.o
LOAD c:/st/stm32cubeide_1.12.1/stm32cubeide/plugins/com.st.stm32cube.ide.mcu.externaltools.gnu-tools-for-stm32.10.3-2021.10.win32_1.0.200.202301161003/tools/bin/../lib/gcc/arm-none-eabi/10.3.1/thumb/v7e-m+fp/hard/crtn.o
                0x0000000020020000                _estack = (ORIGIN (RAM) + LENGTH (RAM))
                0x0000000000000200                _Min_Heap_Size = 0x200
                0x0000000000000400                _Min_Stack_Size = 0x400

.isr_vector     0x0000000008000000      0x188
                0x0000000008000000                . = ALIGN (0x4)
 *(.isr_vector)
 .isr_vector    0x0000000008000000      0x188 ./Core/Startup/startup_stm32f407vgtx.o
                0x0000000008000000                g_pfnVectors
                0x0000000008000188                . = ALIGN (0x4)

.text           0x0000000008000188     0x46cc
                0x0000000008000188                . = ALIGN (0x4)
 *(.text)
 .text          0x0000000008000188       0x40 c:/st/stm32cubeide_1.12.1/stm32cubeide/plugins/com.st.stm32cube.ide.mcu.externaltools.gnu-tools-for-stm32.10.3-2021.10.win32_1.0.200.202301161003/tools/bin/../lib/gcc/arm-none-eabi/10.3.1/thumb/v7e-m+fp/hard/crtbegin.o
 .text          0x00000000080001c8       0x30 c:/st/stm32cubeide_1.12.1/stm32cubeide/plugins/com.st.stm32cube.ide.mcu.externaltools.gnu-tools-for-stm32.10.3-2021.10.win32_1.0.200.202301161003/tools/bin/../lib/gcc/arm-none-eabi/10.3.1/thumb/v7e-m+fp/hard\libgcc.a(_aeabi_uldivmod.o)
                0x00000000080001c8                __aeabi_uldivmod
 .text          0x00000000080001f8      0x2d0 c:/st/stm32cubeide_1.12.1/stm32cubeide/plugins/com.st.stm32cube.ide.mcu.externaltools.gnu-tools-for-stm32.10.3-2021.10.win32_1.0.200.202301161003/tools/bin/../lib/gcc/arm-none-eabi/10.3.1/thumb/v7e-m+fp/hard\libgcc.a(_udivmoddi4.o)
                0x00000000080001f8                __udivmoddi4
 .text          0x00000000080004c8        0x4 c:/st/stm32cubeide_1.12.1/stm32cubeide/plugins/com.st.stm32cube.ide.mcu.externaltools.gnu-tools-for-stm32.10.3-2021.10.win32_1.0.200.202301161003/tools/bin/../lib/gcc/arm-none-eabi/10.3.1/thumb/v7e-m+fp/hard\libgcc.a(_dvmd_tls.o)
                0x00000000080004c8                __aeabi_idiv0
                0x00000000080004c8                __aeabi_ldiv0
 *(.text*)
 .text.ESP_Init
                0x00000000080004cc      0x118 ./Core/Src/ESP_Handle.o
                0x00000000080004cc                ESP_Init
 .text.ESP_Server_Start
                0x00000000080005e4       0x24 ./Core/Src/ESP_Handle.o
                0x00000000080005e4                ESP_Server_Start
 .text.clearBuf
                0x0000000008000608       0x34 ./Core/Src/ESP_Handle.o
                0x0000000008000608                clearBuf
 .text.containsString
                0x000000000800063c       0x26 ./Core/Src/ESP_Handle.o
                0x000000000800063c                containsString
 *fill*         0x0000000008000662        0x2 
 .text.conditions
                0x0000000008000664      0x328 ./Core/Src/ESP_Handle.o
                0x0000000008000664                conditions
 .text.turnForward
                0x000000000800098c       0x20 ./Core/Src/ServoMotor.o
                0x000000000800098c                turnForward
 .text.turnBack
                0x00000000080009ac       0x20 ./Core/Src/ServoMotor.o
                0x00000000080009ac                turnBack
 .text.stopServo
                0x00000000080009cc       0x20 ./Core/Src/ServoMotor.o
                0x00000000080009cc                stopServo
 .text.StopDcMotor
                0x00000000080009ec       0x2c ./Core/Src/dcMotor.o
                0x00000000080009ec                StopDcMotor
 .text.SetDcMotorSpeed
                0x0000000008000a18       0x48 ./Core/Src/dcMotor.o
                0x0000000008000a18                SetDcMotorSpeed
 .text.StartDcMotor
                0x0000000008000a60       0x1c ./Core/Src/dcMotor.o
                0x0000000008000a60                StartDcMotor
 .text.SysTick_Handler
                0x0000000008000a7c       0x10 ./Core/Src/it.o
                0x0000000008000a7c                SysTick_Handler
 .text.USART2_IRQHandler
                0x0000000008000a8c       0x14 ./Core/Src/it.o
                0x0000000008000a8c                USART2_IRQHandler
 .text.TIM2_IRQHandler
                0x0000000008000aa0       0x14 ./Core/Src/it.o
                0x0000000008000aa0                TIM2_IRQHandler
 .text.EXTI15_10_IRQHandler
                0x0000000008000ab4       0x2e ./Core/Src/it.o
                0x0000000008000ab4                EXTI15_10_IRQHandler
 *fill*         0x0000000008000ae2        0x2 
 .text.main     0x0000000008000ae4       0x50 ./Core/Src/main.o
                0x0000000008000ae4                main
 .text.SystemClock_Config
                0x0000000008000b34       0xbc ./Core/Src/main.o
                0x0000000008000b34                SystemClock_Config
 .text.UART2_Init
                0x0000000008000bf0       0x4c ./Core/Src/main.o
                0x0000000008000bf0                UART2_Init
 .text.TIMER6_Init
                0x0000000008000c3c       0x38 ./Core/Src/main.o
                0x0000000008000c3c                TIMER6_Init
 .text.TIMER2_Init
                0x0000000008000c74       0x7c ./Core/Src/main.o
                0x0000000008000c74                TIMER2_Init
 .text.TIMER3_Init
                0x0000000008000cf0       0x84 ./Core/Src/main.o
                0x0000000008000cf0                TIMER3_Init
 .text.GPIO_Init
                0x0000000008000d74      0x124 ./Core/Src/main.o
                0x0000000008000d74                GPIO_Init
 .text.HAL_GPIO_EXTI_Callback
                0x0000000008000e98       0xc8 ./Core/Src/main.o
                0x0000000008000e98                HAL_GPIO_EXTI_Callback
 .text.HAL_UART_RxCpltCallback
                0x0000000008000f60      0x178 ./Core/Src/main.o
                0x0000000008000f60                HAL_UART_RxCpltCallback
 .text.delay_us
                0x00000000080010d8       0x44 ./Core/Src/main.o
                0x00000000080010d8                delay_us
 .text.delay_ms
                0x000000000800111c       0x54 ./Core/Src/main.o
                0x000000000800111c                delay_ms
 .text.Step_Motor_Init
                0x0000000008001170       0x4c ./Core/Src/main.o
                0x0000000008001170                Step_Motor_Init
 .text.Dc_Motor_Init
                0x00000000080011bc       0x3c ./Core/Src/main.o
                0x00000000080011bc                Dc_Motor_Init
 .text.Error_Handler
                0x00000000080011f8        0x6 ./Core/Src/main.o
                0x00000000080011f8                Error_Handler
 *fill*         0x00000000080011fe        0x2 
 .text.HAL_MspInit
                0x0000000008001200       0x44 ./Core/Src/msp.o
                0x0000000008001200                HAL_MspInit
 .text.HAL_UART_MspInit
                0x0000000008001244       0xb8 ./Core/Src/msp.o
                0x0000000008001244                HAL_UART_MspInit
 .text.HAL_TIM_Base_MspInit
                0x00000000080012fc       0x40 ./Core/Src/msp.o
                0x00000000080012fc                HAL_TIM_Base_MspInit
 .text.HAL_TIM_PWM_MspInit
                0x000000000800133c       0xc4 ./Core/Src/msp.o
                0x000000000800133c                HAL_TIM_PWM_MspInit
 .text.InitializeStepper
                0x0000000008001400       0x2a ./Core/Src/stepMotor.o
                0x0000000008001400                InitializeStepper
 .text.setDirection
                0x000000000800142a       0x38 ./Core/Src/stepMotor.o
                0x000000000800142a                setDirection
 .text.setSpeed
                0x0000000008001462       0x1e ./Core/Src/stepMotor.o
                0x0000000008001462                setSpeed
 .text.moveContinous
                0x0000000008001480       0x5c ./Core/Src/stepMotor.o
                0x0000000008001480                moveContinous
 .text.moveTwoMotorContinous_alter
                0x00000000080014dc       0xa4 ./Core/Src/stepMotor.o
                0x00000000080014dc                moveTwoMotorContinous_alter
 .text.moveToX  0x0000000008001580       0x5e ./Core/Src/stepMotor.o
                0x0000000008001580                moveToX
 *fill*         0x00000000080015de        0x2 
 .text.SystemInit
                0x00000000080015e0       0x24 ./Core/Src/system_stm32f4xx.o
                0x00000000080015e0                SystemInit
 .text.Reset_Handler
                0x0000000008001604       0x50 ./Core/Startup/startup_stm32f407vgtx.o
                0x0000000008001604                Reset_Handler
 .text.Default_Handler
                0x0000000008001654        0x2 ./Core/Startup/startup_stm32f407vgtx.o
                0x0000000008001654                RTC_Alarm_IRQHandler
                0x0000000008001654                HASH_RNG_IRQHandler
                0x0000000008001654                EXTI2_IRQHandler
                0x0000000008001654                TIM8_CC_IRQHandler
                0x0000000008001654                DebugMon_Handler
                0x0000000008001654                TIM1_CC_IRQHandler
                0x0000000008001654                DMA2_Stream5_IRQHandler
                0x0000000008001654                HardFault_Handler
                0x0000000008001654                DMA1_Stream5_IRQHandler
                0x0000000008001654                PVD_IRQHandler
                0x0000000008001654                SDIO_IRQHandler
                0x0000000008001654                TAMP_STAMP_IRQHandler
                0x0000000008001654                PendSV_Handler
                0x0000000008001654                NMI_Handler
                0x0000000008001654                CAN2_RX1_IRQHandler
                0x0000000008001654                EXTI3_IRQHandler
                0x0000000008001654                TIM8_TRG_COM_TIM14_IRQHandler
                0x0000000008001654                TIM1_UP_TIM10_IRQHandler
                0x0000000008001654                TIM8_UP_TIM13_IRQHandler
                0x0000000008001654                I2C3_ER_IRQHandler
                0x0000000008001654                EXTI0_IRQHandler
                0x0000000008001654                I2C2_EV_IRQHandler
                0x0000000008001654                DMA1_Stream2_IRQHandler
                0x0000000008001654                CAN1_RX0_IRQHandler
                0x0000000008001654                FPU_IRQHandler
                0x0000000008001654                OTG_HS_WKUP_IRQHandler
                0x0000000008001654                UsageFault_Handler
                0x0000000008001654                CAN2_SCE_IRQHandler
                0x0000000008001654                DMA2_Stream2_IRQHandler
                0x0000000008001654                SPI1_IRQHandler
                0x0000000008001654                TIM6_DAC_IRQHandler
                0x0000000008001654                TIM1_BRK_TIM9_IRQHandler
                0x0000000008001654                DCMI_IRQHandler
                0x0000000008001654                CAN2_RX0_IRQHandler
                0x0000000008001654                DMA2_Stream3_IRQHandler
                0x0000000008001654                USART6_IRQHandler
                0x0000000008001654                USART3_IRQHandler
                0x0000000008001654                CAN1_RX1_IRQHandler
                0x0000000008001654                UART5_IRQHandler
                0x0000000008001654                DMA2_Stream0_IRQHandler
                0x0000000008001654                TIM4_IRQHandler
                0x0000000008001654                I2C1_EV_IRQHandler
                0x0000000008001654                DMA1_Stream6_IRQHandler
                0x0000000008001654                DMA1_Stream1_IRQHandler
                0x0000000008001654                UART4_IRQHandler
                0x0000000008001654                TIM3_IRQHandler
                0x0000000008001654                RCC_IRQHandler
                0x0000000008001654                TIM8_BRK_TIM12_IRQHandler
                0x0000000008001654                Default_Handler
                0x0000000008001654                ADC_IRQHandler
                0x0000000008001654                DMA1_Stream7_IRQHandler
                0x0000000008001654                TIM7_IRQHandler
                0x0000000008001654                CAN2_TX_IRQHandler
                0x0000000008001654                TIM5_IRQHandler
                0x0000000008001654                DMA2_Stream7_IRQHandler
                0x0000000008001654                I2C3_EV_IRQHandler
                0x0000000008001654                EXTI9_5_IRQHandler
                0x0000000008001654                RTC_WKUP_IRQHandler
                0x0000000008001654                ETH_WKUP_IRQHandler
                0x0000000008001654                SPI2_IRQHandler
                0x0000000008001654                OTG_HS_EP1_IN_IRQHandler
                0x0000000008001654                MemManage_Handler
                0x0000000008001654                DMA1_Stream0_IRQHandler
                0x0000000008001654                CAN1_TX_IRQHandler
                0x0000000008001654                SVC_Handler
                0x0000000008001654                EXTI4_IRQHandler
                0x0000000008001654                FSMC_IRQHandler
                0x0000000008001654                ETH_IRQHandler
                0x0000000008001654                OTG_HS_EP1_OUT_IRQHandler
                0x0000000008001654                WWDG_IRQHandler
                0x0000000008001654                OTG_FS_WKUP_IRQHandler
                0x0000000008001654                TIM1_TRG_COM_TIM11_IRQHandler
                0x0000000008001654                OTG_HS_IRQHandler
                0x0000000008001654                EXTI1_IRQHandler
                0x0000000008001654                I2C2_ER_IRQHandler
                0x0000000008001654                DMA2_Stream1_IRQHandler
                0x0000000008001654                CAN1_SCE_IRQHandler
                0x0000000008001654                FLASH_IRQHandler
                0x0000000008001654                DMA2_Stream4_IRQHandler
                0x0000000008001654                BusFault_Handler
                0x0000000008001654                USART1_IRQHandler
                0x0000000008001654                OTG_FS_IRQHandler
                0x0000000008001654                SPI3_IRQHandler
                0x0000000008001654                DMA1_Stream4_IRQHandler
                0x0000000008001654                I2C1_ER_IRQHandler
                0x0000000008001654                DMA2_Stream6_IRQHandler
                0x0000000008001654                DMA1_Stream3_IRQHandler
 *fill*         0x0000000008001656        0x2 
 .text.HAL_Init
                0x0000000008001658       0x44 ./Drivers/STM32F4xx_HAL_Driver/Src/stm32f4xx_hal.o
                0x0000000008001658                HAL_Init
 .text.HAL_InitTick
                0x000000000800169c       0x60 ./Drivers/STM32F4xx_HAL_Driver/Src/stm32f4xx_hal.o
                0x000000000800169c                HAL_InitTick
 .text.HAL_IncTick
                0x00000000080016fc       0x28 ./Drivers/STM32F4xx_HAL_Driver/Src/stm32f4xx_hal.o
                0x00000000080016fc                HAL_IncTick
 .text.HAL_GetTick
                0x0000000008001724       0x18 ./Drivers/STM32F4xx_HAL_Driver/Src/stm32f4xx_hal.o
                0x0000000008001724                HAL_GetTick
 .text.HAL_Delay
                0x000000000800173c       0x48 ./Drivers/STM32F4xx_HAL_Driver/Src/stm32f4xx_hal.o
                0x000000000800173c                HAL_Delay
 .text.__NVIC_SetPriorityGrouping
                0x0000000008001784       0x48 ./Drivers/STM32F4xx_HAL_Driver/Src/stm32f4xx_hal_cortex.o
 .text.__NVIC_GetPriorityGrouping
                0x00000000080017cc       0x1c ./Drivers/STM32F4xx_HAL_Driver/Src/stm32f4xx_hal_cortex.o
 .text.__NVIC_EnableIRQ
                0x00000000080017e8       0x3c ./Drivers/STM32F4xx_HAL_Driver/Src/stm32f4xx_hal_cortex.o
 .text.__NVIC_SetPriority
                0x0000000008001824       0x54 ./Drivers/STM32F4xx_HAL_Driver/Src/stm32f4xx_hal_cortex.o
 .text.NVIC_EncodePriority
                0x0000000008001878       0x66 ./Drivers/STM32F4xx_HAL_Driver/Src/stm32f4xx_hal_cortex.o
 *fill*         0x00000000080018de        0x2 
 .text.SysTick_Config
                0x00000000080018e0       0x44 ./Drivers/STM32F4xx_HAL_Driver/Src/stm32f4xx_hal_cortex.o
 .text.HAL_NVIC_SetPriorityGrouping
                0x0000000008001924       0x16 ./Drivers/STM32F4xx_HAL_Driver/Src/stm32f4xx_hal_cortex.o
                0x0000000008001924                HAL_NVIC_SetPriorityGrouping
 .text.HAL_NVIC_SetPriority
                0x000000000800193a       0x38 ./Drivers/STM32F4xx_HAL_Driver/Src/stm32f4xx_hal_cortex.o
                0x000000000800193a                HAL_NVIC_SetPriority
 .text.HAL_NVIC_EnableIRQ
                0x0000000008001972       0x1c ./Drivers/STM32F4xx_HAL_Driver/Src/stm32f4xx_hal_cortex.o
                0x0000000008001972                HAL_NVIC_EnableIRQ
 .text.HAL_SYSTICK_Config
                0x000000000800198e       0x18 ./Drivers/STM32F4xx_HAL_Driver/Src/stm32f4xx_hal_cortex.o
                0x000000000800198e                HAL_SYSTICK_Config
 .text.HAL_SYSTICK_IRQHandler
                0x00000000080019a6        0xc ./Drivers/STM32F4xx_HAL_Driver/Src/stm32f4xx_hal_cortex.o
                0x00000000080019a6                HAL_SYSTICK_IRQHandler
 .text.HAL_SYSTICK_Callback
                0x00000000080019b2        0xe ./Drivers/STM32F4xx_HAL_Driver/Src/stm32f4xx_hal_cortex.o
                0x00000000080019b2                HAL_SYSTICK_Callback
 .text.HAL_DMA_Abort
                0x00000000080019c0       0xe0 ./Drivers/STM32F4xx_HAL_Driver/Src/stm32f4xx_hal_dma.o
                0x00000000080019c0                HAL_DMA_Abort
 .text.HAL_DMA_Abort_IT
                0x0000000008001aa0       0x44 ./Drivers/STM32F4xx_HAL_Driver/Src/stm32f4xx_hal_dma.o
                0x0000000008001aa0                HAL_DMA_Abort_IT
 .text.HAL_GPIO_Init
                0x0000000008001ae4      0x338 ./Drivers/STM32F4xx_HAL_Driver/Src/stm32f4xx_hal_gpio.o
                0x0000000008001ae4                HAL_GPIO_Init
 .text.HAL_GPIO_WritePin
                0x0000000008001e1c       0x32 ./Drivers/STM32F4xx_HAL_Driver/Src/stm32f4xx_hal_gpio.o
                0x0000000008001e1c                HAL_GPIO_WritePin
 *fill*         0x0000000008001e4e        0x2 
 .text.HAL_GPIO_EXTI_IRQHandler
                0x0000000008001e50       0x30 ./Drivers/STM32F4xx_HAL_Driver/Src/stm32f4xx_hal_gpio.o
                0x0000000008001e50                HAL_GPIO_EXTI_IRQHandler
 .text.HAL_RCC_OscConfig
                0x0000000008001e80      0x4f0 ./Drivers/STM32F4xx_HAL_Driver/Src/stm32f4xx_hal_rcc.o
                0x0000000008001e80                HAL_RCC_OscConfig
 .text.HAL_RCC_ClockConfig
                0x0000000008002370      0x1cc ./Drivers/STM32F4xx_HAL_Driver/Src/stm32f4xx_hal_rcc.o
                0x0000000008002370                HAL_RCC_ClockConfig
 .text.HAL_RCC_GetSysClockFreq
                0x000000000800253c      0x20c ./Drivers/STM32F4xx_HAL_Driver/Src/stm32f4xx_hal_rcc.o
                0x000000000800253c                HAL_RCC_GetSysClockFreq
 .text.HAL_RCC_GetHCLKFreq
                0x0000000008002748       0x18 ./Drivers/STM32F4xx_HAL_Driver/Src/stm32f4xx_hal_rcc.o
                0x0000000008002748                HAL_RCC_GetHCLKFreq
 .text.HAL_RCC_GetPCLK1Freq
                0x0000000008002760       0x28 ./Drivers/STM32F4xx_HAL_Driver/Src/stm32f4xx_hal_rcc.o
                0x0000000008002760                HAL_RCC_GetPCLK1Freq
 .text.HAL_RCC_GetPCLK2Freq
                0x0000000008002788       0x28 ./Drivers/STM32F4xx_HAL_Driver/Src/stm32f4xx_hal_rcc.o
                0x0000000008002788                HAL_RCC_GetPCLK2Freq
 .text.HAL_TIM_Base_Init
                0x00000000080027b0       0x9e ./Drivers/STM32F4xx_HAL_Driver/Src/stm32f4xx_hal_tim.o
                0x00000000080027b0                HAL_TIM_Base_Init
 *fill*         0x000000000800284e        0x2 
 .text.HAL_TIM_Base_Start
                0x0000000008002850       0xd0 ./Drivers/STM32F4xx_HAL_Driver/Src/stm32f4xx_hal_tim.o
                0x0000000008002850                HAL_TIM_Base_Start
 .text.HAL_TIM_Base_Stop
                0x0000000008002920       0x4e ./Drivers/STM32F4xx_HAL_Driver/Src/stm32f4xx_hal_tim.o
                0x0000000008002920                HAL_TIM_Base_Stop
 .text.HAL_TIM_PWM_Init
                0x000000000800296e       0x9e ./Drivers/STM32F4xx_HAL_Driver/Src/stm32f4xx_hal_tim.o
                0x000000000800296e                HAL_TIM_PWM_Init
 .text.HAL_TIM_PWM_Start
                0x0000000008002a0c      0x190 ./Drivers/STM32F4xx_HAL_Driver/Src/stm32f4xx_hal_tim.o
                0x0000000008002a0c                HAL_TIM_PWM_Start
 .text.HAL_TIM_PWM_Stop
                0x0000000008002b9c       0xe0 ./Drivers/STM32F4xx_HAL_Driver/Src/stm32f4xx_hal_tim.o
                0x0000000008002b9c                HAL_TIM_PWM_Stop
 .text.HAL_TIM_IRQHandler
                0x0000000008002c7c      0x210 ./Drivers/STM32F4xx_HAL_Driver/Src/stm32f4xx_hal_tim.o
                0x0000000008002c7c                HAL_TIM_IRQHandler
 .text.HAL_TIM_PWM_ConfigChannel
                0x0000000008002e8c      0x184 ./Drivers/STM32F4xx_HAL_Driver/Src/stm32f4xx_hal_tim.o
                0x0000000008002e8c                HAL_TIM_PWM_ConfigChannel
 .text.HAL_TIM_PeriodElapsedCallback
                0x0000000008003010       0x14 ./Drivers/STM32F4xx_HAL_Driver/Src/stm32f4xx_hal_tim.o
                0x0000000008003010                HAL_TIM_PeriodElapsedCallback
 .text.HAL_TIM_OC_DelayElapsedCallback
                0x0000000008003024       0x14 ./Drivers/STM32F4xx_HAL_Driver/Src/stm32f4xx_hal_tim.o
                0x0000000008003024                HAL_TIM_OC_DelayElapsedCallback
 .text.HAL_TIM_IC_CaptureCallback
                0x0000000008003038       0x14 ./Drivers/STM32F4xx_HAL_Driver/Src/stm32f4xx_hal_tim.o
                0x0000000008003038                HAL_TIM_IC_CaptureCallback
 .text.HAL_TIM_PWM_PulseFinishedCallback
                0x000000000800304c       0x14 ./Drivers/STM32F4xx_HAL_Driver/Src/stm32f4xx_hal_tim.o
                0x000000000800304c                HAL_TIM_PWM_PulseFinishedCallback
 .text.HAL_TIM_TriggerCallback
                0x0000000008003060       0x14 ./Drivers/STM32F4xx_HAL_Driver/Src/stm32f4xx_hal_tim.o
                0x0000000008003060                HAL_TIM_TriggerCallback
 .text.TIM_Base_SetConfig
                0x0000000008003074      0x140 ./Drivers/STM32F4xx_HAL_Driver/Src/stm32f4xx_hal_tim.o
                0x0000000008003074                TIM_Base_SetConfig
 .text.TIM_OC1_SetConfig
                0x00000000080031b4       0xe0 ./Drivers/STM32F4xx_HAL_Driver/Src/stm32f4xx_hal_tim.o
 .text.TIM_OC2_SetConfig
                0x0000000008003294       0xec ./Drivers/STM32F4xx_HAL_Driver/Src/stm32f4xx_hal_tim.o
                0x0000000008003294                TIM_OC2_SetConfig
 .text.TIM_OC3_SetConfig
                0x0000000008003380       0xe8 ./Drivers/STM32F4xx_HAL_Driver/Src/stm32f4xx_hal_tim.o
 .text.TIM_OC4_SetConfig
                0x0000000008003468       0xac ./Drivers/STM32F4xx_HAL_Driver/Src/stm32f4xx_hal_tim.o
 .text.TIM_CCxChannelCmd
                0x0000000008003514       0x4a ./Drivers/STM32F4xx_HAL_Driver/Src/stm32f4xx_hal_tim.o
                0x0000000008003514                TIM_CCxChannelCmd
 .text.HAL_TIMEx_CommutCallback
                0x000000000800355e       0x14 ./Drivers/STM32F4xx_HAL_Driver/Src/stm32f4xx_hal_tim_ex.o
                0x000000000800355e                HAL_TIMEx_CommutCallback
 .text.HAL_TIMEx_BreakCallback
                0x0000000008003572       0x14 ./Drivers/STM32F4xx_HAL_Driver/Src/stm32f4xx_hal_tim_ex.o
                0x0000000008003572                HAL_TIMEx_BreakCallback
 .text.HAL_UART_Init
                0x0000000008003586       0x9a ./Drivers/STM32F4xx_HAL_Driver/Src/stm32f4xx_hal_uart.o
                0x0000000008003586                HAL_UART_Init
 .text.HAL_UART_Transmit
                0x0000000008003620      0x124 ./Drivers/STM32F4xx_HAL_Driver/Src/stm32f4xx_hal_uart.o
                0x0000000008003620                HAL_UART_Transmit
 .text.HAL_UART_Receive
                0x0000000008003744      0x144 ./Drivers/STM32F4xx_HAL_Driver/Src/stm32f4xx_hal_uart.o
                0x0000000008003744                HAL_UART_Receive
 .text.HAL_UART_Receive_IT
                0x0000000008003888       0x60 ./Drivers/STM32F4xx_HAL_Driver/Src/stm32f4xx_hal_uart.o
                0x0000000008003888                HAL_UART_Receive_IT
 .text.HAL_UART_IRQHandler
                0x00000000080038e8      0x51c ./Drivers/STM32F4xx_HAL_Driver/Src/stm32f4xx_hal_uart.o
                0x00000000080038e8                HAL_UART_IRQHandler
 .text.HAL_UART_TxCpltCallback
                0x0000000008003e04       0x14 ./Drivers/STM32F4xx_HAL_Driver/Src/stm32f4xx_hal_uart.o
                0x0000000008003e04                HAL_UART_TxCpltCallback
 .text.HAL_UART_ErrorCallback
                0x0000000008003e18       0x14 ./Drivers/STM32F4xx_HAL_Driver/Src/stm32f4xx_hal_uart.o
                0x0000000008003e18                HAL_UART_ErrorCallback
 .text.HAL_UARTEx_RxEventCallback
                0x0000000008003e2c       0x18 ./Drivers/STM32F4xx_HAL_Driver/Src/stm32f4xx_hal_uart.o
                0x0000000008003e2c                HAL_UARTEx_RxEventCallback
 .text.UART_WaitOnFlagUntilTimeout
                0x0000000008003e44       0xdc ./Drivers/STM32F4xx_HAL_Driver/Src/stm32f4xx_hal_uart.o
 .text.UART_Start_Receive_IT
                0x0000000008003f20       0x7c ./Drivers/STM32F4xx_HAL_Driver/Src/stm32f4xx_hal_uart.o
                0x0000000008003f20                UART_Start_Receive_IT
 .text.UART_EndRxTransfer
                0x0000000008003f9c       0xc6 ./Drivers/STM32F4xx_HAL_Driver/Src/stm32f4xx_hal_uart.o
 .text.UART_DMAAbortOnError
                0x0000000008004062       0x28 ./Drivers/STM32F4xx_HAL_Driver/Src/stm32f4xx_hal_uart.o
 .text.UART_Transmit_IT
                0x000000000800408a       0xa0 ./Drivers/STM32F4xx_HAL_Driver/Src/stm32f4xx_hal_uart.o
 .text.UART_EndTransmit_IT
                0x000000000800412a       0x30 ./Drivers/STM32F4xx_HAL_Driver/Src/stm32f4xx_hal_uart.o
 .text.UART_Receive_IT
                0x000000000800415a      0x176 ./Drivers/STM32F4xx_HAL_Driver/Src/stm32f4xx_hal_uart.o
 .text.UART_SetConfig
                0x00000000080042d0      0x4e8 ./Drivers/STM32F4xx_HAL_Driver/Src/stm32f4xx_hal_uart.o
 .text.__libc_init_array
                0x00000000080047b8       0x48 c:/st/stm32cubeide_1.12.1/stm32cubeide/plugins/com.st.stm32cube.ide.mcu.externaltools.gnu-tools-for-stm32.10.3-2021.10.win32_1.0.200.202301161003/tools/bin/../lib/gcc/arm-none-eabi/10.3.1/../../../../arm-none-eabi/lib/thumb/v7e-m+fp/hard\libc_nano.a(lib_a-init.o)
                0x00000000080047b8                __libc_init_array
 .text.memset   0x0000000008004800       0x10 c:/st/stm32cubeide_1.12.1/stm32cubeide/plugins/com.st.stm32cube.ide.mcu.externaltools.gnu-tools-for-stm32.10.3-2021.10.win32_1.0.200.202301161003/tools/bin/../lib/gcc/arm-none-eabi/10.3.1/../../../../arm-none-eabi/lib/thumb/v7e-m+fp/hard\libc_nano.a(lib_a-memset.o)
                0x0000000008004800                memset
 .text.strstr   0x0000000008004810       0x2c c:/st/stm32cubeide_1.12.1/stm32cubeide/plugins/com.st.stm32cube.ide.mcu.externaltools.gnu-tools-for-stm32.10.3-2021.10.win32_1.0.200.202301161003/tools/bin/../lib/gcc/arm-none-eabi/10.3.1/../../../../arm-none-eabi/lib/thumb/v7e-m+fp/hard\libc_nano.a(lib_a-strstr.o)
                0x0000000008004810                strstr
 *(.glue_7)
 .glue_7        0x000000000800483c        0x0 linker stubs
 *(.glue_7t)
 .glue_7t       0x000000000800483c        0x0 linker stubs
 *(.eh_frame)
 .eh_frame      0x000000000800483c        0x0 c:/st/stm32cubeide_1.12.1/stm32cubeide/plugins/com.st.stm32cube.ide.mcu.externaltools.gnu-tools-for-stm32.10.3-2021.10.win32_1.0.200.202301161003/tools/bin/../lib/gcc/arm-none-eabi/10.3.1/thumb/v7e-m+fp/hard/crtbegin.o
 *(.init)
 .init          0x000000000800483c        0x4 c:/st/stm32cubeide_1.12.1/stm32cubeide/plugins/com.st.stm32cube.ide.mcu.externaltools.gnu-tools-for-stm32.10.3-2021.10.win32_1.0.200.202301161003/tools/bin/../lib/gcc/arm-none-eabi/10.3.1/thumb/v7e-m+fp/hard/crti.o
                0x000000000800483c                _init
 .init          0x0000000008004840        0x8 c:/st/stm32cubeide_1.12.1/stm32cubeide/plugins/com.st.stm32cube.ide.mcu.externaltools.gnu-tools-for-stm32.10.3-2021.10.win32_1.0.200.202301161003/tools/bin/../lib/gcc/arm-none-eabi/10.3.1/thumb/v7e-m+fp/hard/crtn.o
 *(.fini)
 .fini          0x0000000008004848        0x4 c:/st/stm32cubeide_1.12.1/stm32cubeide/plugins/com.st.stm32cube.ide.mcu.externaltools.gnu-tools-for-stm32.10.3-2021.10.win32_1.0.200.202301161003/tools/bin/../lib/gcc/arm-none-eabi/10.3.1/thumb/v7e-m+fp/hard/crti.o
                0x0000000008004848                _fini
 .fini          0x000000000800484c        0x8 c:/st/stm32cubeide_1.12.1/stm32cubeide/plugins/com.st.stm32cube.ide.mcu.externaltools.gnu-tools-for-stm32.10.3-2021.10.win32_1.0.200.202301161003/tools/bin/../lib/gcc/arm-none-eabi/10.3.1/thumb/v7e-m+fp/hard/crtn.o
                0x0000000008004854                . = ALIGN (0x4)
                0x0000000008004854                _etext = .

.vfp11_veneer   0x0000000008004854        0x0
 .vfp11_veneer  0x0000000008004854        0x0 linker stubs

.v4_bx          0x0000000008004854        0x0
 .v4_bx         0x0000000008004854        0x0 linker stubs

.iplt           0x0000000008004854        0x0
 .iplt          0x0000000008004854        0x0 c:/st/stm32cubeide_1.12.1/stm32cubeide/plugins/com.st.stm32cube.ide.mcu.externaltools.gnu-tools-for-stm32.10.3-2021.10.win32_1.0.200.202301161003/tools/bin/../lib/gcc/arm-none-eabi/10.3.1/thumb/v7e-m+fp/hard/crtbegin.o

.rodata         0x0000000008004854      0x170
                0x0000000008004854                . = ALIGN (0x4)
 *(.rodata)
 .rodata        0x0000000008004854       0xf0 ./Core/Src/ESP_Handle.o
 .rodata        0x0000000008004944       0x68 ./Core/Src/main.o
 *(.rodata*)
 .rodata.AHBPrescTable
                0x00000000080049ac       0x10 ./Core/Src/system_stm32f4xx.o
                0x00000000080049ac                AHBPrescTable
 .rodata.APBPrescTable
                0x00000000080049bc        0x8 ./Core/Src/system_stm32f4xx.o
                0x00000000080049bc                APBPrescTable
                0x00000000080049c4                . = ALIGN (0x4)

.ARM.extab      0x00000000080049c4        0x0
                0x00000000080049c4                . = ALIGN (0x4)
 *(.ARM.extab* .gnu.linkonce.armextab.*)
                0x00000000080049c4                . = ALIGN (0x4)

.ARM            0x00000000080049c4        0x8
                0x00000000080049c4                . = ALIGN (0x4)
                0x00000000080049c4                __exidx_start = .
 *(.ARM.exidx*)
 .ARM.exidx     0x00000000080049c4        0x8 c:/st/stm32cubeide_1.12.1/stm32cubeide/plugins/com.st.stm32cube.ide.mcu.externaltools.gnu-tools-for-stm32.10.3-2021.10.win32_1.0.200.202301161003/tools/bin/../lib/gcc/arm-none-eabi/10.3.1/thumb/v7e-m+fp/hard\libgcc.a(_udivmoddi4.o)
                0x00000000080049cc                __exidx_end = .
                0x00000000080049cc                . = ALIGN (0x4)

.rel.dyn        0x00000000080049cc        0x0
 .rel.iplt      0x00000000080049cc        0x0 c:/st/stm32cubeide_1.12.1/stm32cubeide/plugins/com.st.stm32cube.ide.mcu.externaltools.gnu-tools-for-stm32.10.3-2021.10.win32_1.0.200.202301161003/tools/bin/../lib/gcc/arm-none-eabi/10.3.1/thumb/v7e-m+fp/hard/crtbegin.o

.preinit_array  0x00000000080049cc        0x0
                0x00000000080049cc                . = ALIGN (0x4)
                0x00000000080049cc                PROVIDE (__preinit_array_start = .)
 *(.preinit_array*)
                0x00000000080049cc                PROVIDE (__preinit_array_end = .)
                0x00000000080049cc                . = ALIGN (0x4)

.init_array     0x00000000080049cc        0x4
                0x00000000080049cc                . = ALIGN (0x4)
                0x00000000080049cc                PROVIDE (__init_array_start = .)
 *(SORT_BY_NAME(.init_array.*))
 *(.init_array*)
 .init_array    0x00000000080049cc        0x4 c:/st/stm32cubeide_1.12.1/stm32cubeide/plugins/com.st.stm32cube.ide.mcu.externaltools.gnu-tools-for-stm32.10.3-2021.10.win32_1.0.200.202301161003/tools/bin/../lib/gcc/arm-none-eabi/10.3.1/thumb/v7e-m+fp/hard/crtbegin.o
                0x00000000080049d0                PROVIDE (__init_array_end = .)
                0x00000000080049d0                . = ALIGN (0x4)

.fini_array     0x00000000080049d0        0x4
                0x00000000080049d0                . = ALIGN (0x4)
                [!provide]                        PROVIDE (__fini_array_start = .)
 *(SORT_BY_NAME(.fini_array.*))
 *(.fini_array*)
 .fini_array    0x00000000080049d0        0x4 c:/st/stm32cubeide_1.12.1/stm32cubeide/plugins/com.st.stm32cube.ide.mcu.externaltools.gnu-tools-for-stm32.10.3-2021.10.win32_1.0.200.202301161003/tools/bin/../lib/gcc/arm-none-eabi/10.3.1/thumb/v7e-m+fp/hard/crtbegin.o
                [!provide]                        PROVIDE (__fini_array_end = .)
                0x00000000080049d4                . = ALIGN (0x4)
                0x00000000080049d4                _sidata = LOADADDR (.data)

.data           0x0000000020000000       0x10 load address 0x00000000080049d4
                0x0000000020000000                . = ALIGN (0x4)
                0x0000000020000000                _sdata = .
 *(.data)
 *(.data*)
 .data.speedFlag
                0x0000000020000000        0x2 ./Core/Src/ESP_Handle.o
                0x0000000020000000                speedFlag
 *fill*         0x0000000020000002        0x2 
 .data.SystemCoreClock
                0x0000000020000004        0x4 ./Core/Src/system_stm32f4xx.o
                0x0000000020000004                SystemCoreClock
 .data.uwTickPrio
                0x0000000020000008        0x4 ./Drivers/STM32F4xx_HAL_Driver/Src/stm32f4xx_hal.o
                0x0000000020000008                uwTickPrio
 .data.uwTickFreq
                0x000000002000000c        0x1 ./Drivers/STM32F4xx_HAL_Driver/Src/stm32f4xx_hal.o
                0x000000002000000c                uwTickFreq
 *(.RamFunc)
 *(.RamFunc*)
                0x0000000020000010                . = ALIGN (0x4)
 *fill*         0x000000002000000d        0x3 
                0x0000000020000010                _edata = .
                0x00000000080049e4                _siccmram = LOADADDR (.ccmram)

.igot.plt       0x0000000020000010        0x0 load address 0x00000000080049e4
 .igot.plt      0x0000000020000010        0x0 c:/st/stm32cubeide_1.12.1/stm32cubeide/plugins/com.st.stm32cube.ide.mcu.externaltools.gnu-tools-for-stm32.10.3-2021.10.win32_1.0.200.202301161003/tools/bin/../lib/gcc/arm-none-eabi/10.3.1/thumb/v7e-m+fp/hard/crtbegin.o

.ccmram         0x0000000010000000        0x0 load address 0x00000000080049e4
                0x0000000010000000                . = ALIGN (0x4)
                0x0000000010000000                _sccmram = .
 *(.ccmram)
 *(.ccmram*)
                0x0000000010000000                . = ALIGN (0x4)
                0x0000000010000000                _eccmram = .
                0x0000000010000000                . = ALIGN (0x4)

.bss            0x0000000020000010      0x1e4
                0x0000000020000010                _sbss = .
                0x0000000020000010                __bss_start__ = _sbss
 *(.bss)
 .bss           0x0000000020000010       0x1c c:/st/stm32cubeide_1.12.1/stm32cubeide/plugins/com.st.stm32cube.ide.mcu.externaltools.gnu-tools-for-stm32.10.3-2021.10.win32_1.0.200.202301161003/tools/bin/../lib/gcc/arm-none-eabi/10.3.1/thumb/v7e-m+fp/hard/crtbegin.o
 *(.bss*)
 .bss.autoFireFlag
                0x000000002000002c        0x2 ./Core/Src/ESP_Handle.o
                0x000000002000002c                autoFireFlag
 *fill*         0x000000002000002e        0x2 
 .bss.huart2    0x0000000020000030       0x44 ./Core/Src/main.o
                0x0000000020000030                huart2
 .bss.htim6     0x0000000020000074       0x48 ./Core/Src/main.o
                0x0000000020000074                htim6
 .bss.htim2     0x00000000200000bc       0x48 ./Core/Src/main.o
                0x00000000200000bc                htim2
 .bss.htim3     0x0000000020000104       0x48 ./Core/Src/main.o
                0x0000000020000104                htim3
 .bss.stepMotor1
                0x000000002000014c       0x1c ./Core/Src/main.o
                0x000000002000014c                stepMotor1
 .bss.stepMotor2
                0x0000000020000168       0x1c ./Core/Src/main.o
                0x0000000020000168                stepMotor2
 .bss.rcvd_byte
                0x0000000020000184        0x1 ./Core/Src/main.o
                0x0000000020000184                rcvd_byte
 *fill*         0x0000000020000185        0x3 
 .bss.receive   0x0000000020000188       0x64 ./Core/Src/main.o
                0x0000000020000188                receive
 .bss.buttonTimestamp
                0x00000000200001ec        0x4 ./Core/Src/main.o
                0x00000000200001ec                buttonTimestamp
 .bss.uwTick    0x00000000200001f0        0x4 ./Drivers/STM32F4xx_HAL_Driver/Src/stm32f4xx_hal.o
                0x00000000200001f0                uwTick
 *(COMMON)
                0x00000000200001f4                . = ALIGN (0x4)
                0x00000000200001f4                _ebss = .
                0x00000000200001f4                __bss_end__ = _ebss

._user_heap_stack
                0x00000000200001f4      0x604
                0x00000000200001f8                . = ALIGN (0x8)
 *fill*         0x00000000200001f4        0x4 
                [!provide]                        PROVIDE (end = .)
                [!provide]                        PROVIDE (_end = .)
                0x00000000200003f8                . = (. + _Min_Heap_Size)
 *fill*         0x00000000200001f8      0x200 
                0x00000000200007f8                . = (. + _Min_Stack_Size)
 *fill*         0x00000000200003f8      0x400 
                0x00000000200007f8                . = ALIGN (0x8)

/DISCARD/
 libc.a(*)
 libm.a(*)
 libgcc.a(*)

.ARM.attributes
                0x0000000000000000       0x30
 *(.ARM.attributes)
 .ARM.attributes
                0x0000000000000000       0x1e c:/st/stm32cubeide_1.12.1/stm32cubeide/plugins/com.st.stm32cube.ide.mcu.externaltools.gnu-tools-for-stm32.10.3-2021.10.win32_1.0.200.202301161003/tools/bin/../lib/gcc/arm-none-eabi/10.3.1/thumb/v7e-m+fp/hard/crti.o
 .ARM.attributes
                0x000000000000001e       0x34 c:/st/stm32cubeide_1.12.1/stm32cubeide/plugins/com.st.stm32cube.ide.mcu.externaltools.gnu-tools-for-stm32.10.3-2021.10.win32_1.0.200.202301161003/tools/bin/../lib/gcc/arm-none-eabi/10.3.1/thumb/v7e-m+fp/hard/crtbegin.o
 .ARM.attributes
                0x0000000000000052       0x34 ./Core/Src/ESP_Handle.o
 .ARM.attributes
                0x0000000000000086       0x34 ./Core/Src/ServoMotor.o
 .ARM.attributes
                0x00000000000000ba       0x34 ./Core/Src/dcMotor.o
 .ARM.attributes
                0x00000000000000ee       0x34 ./Core/Src/it.o
 .ARM.attributes
                0x0000000000000122       0x34 ./Core/Src/main.o
 .ARM.attributes
                0x0000000000000156       0x34 ./Core/Src/msp.o
 .ARM.attributes
                0x000000000000018a       0x34 ./Core/Src/stepMotor.o
 .ARM.attributes
                0x00000000000001be       0x34 ./Core/Src/system_stm32f4xx.o
 .ARM.attributes
                0x00000000000001f2       0x21 ./Core/Startup/startup_stm32f407vgtx.o
 .ARM.attributes
                0x0000000000000213       0x34 ./Drivers/STM32F4xx_HAL_Driver/Src/stm32f4xx_hal.o
 .ARM.attributes
                0x0000000000000247       0x34 ./Drivers/STM32F4xx_HAL_Driver/Src/stm32f4xx_hal_cortex.o
 .ARM.attributes
                0x000000000000027b       0x34 ./Drivers/STM32F4xx_HAL_Driver/Src/stm32f4xx_hal_dma.o
 .ARM.attributes
                0x00000000000002af       0x34 ./Drivers/STM32F4xx_HAL_Driver/Src/stm32f4xx_hal_gpio.o
 .ARM.attributes
                0x00000000000002e3       0x34 ./Drivers/STM32F4xx_HAL_Driver/Src/stm32f4xx_hal_rcc.o
 .ARM.attributes
                0x0000000000000317       0x34 ./Drivers/STM32F4xx_HAL_Driver/Src/stm32f4xx_hal_tim.o
 .ARM.attributes
                0x000000000000034b       0x34 ./Drivers/STM32F4xx_HAL_Driver/Src/stm32f4xx_hal_tim_ex.o
 .ARM.attributes
                0x000000000000037f       0x34 ./Drivers/STM32F4xx_HAL_Driver/Src/stm32f4xx_hal_uart.o
 .ARM.attributes
                0x00000000000003b3       0x34 c:/st/stm32cubeide_1.12.1/stm32cubeide/plugins/com.st.stm32cube.ide.mcu.externaltools.gnu-tools-for-stm32.10.3-2021.10.win32_1.0.200.202301161003/tools/bin/../lib/gcc/arm-none-eabi/10.3.1/../../../../arm-none-eabi/lib/thumb/v7e-m+fp/hard\libc_nano.a(lib_a-init.o)
 .ARM.attributes
                0x00000000000003e7       0x34 c:/st/stm32cubeide_1.12.1/stm32cubeide/plugins/com.st.stm32cube.ide.mcu.externaltools.gnu-tools-for-stm32.10.3-2021.10.win32_1.0.200.202301161003/tools/bin/../lib/gcc/arm-none-eabi/10.3.1/../../../../arm-none-eabi/lib/thumb/v7e-m+fp/hard\libc_nano.a(lib_a-memset.o)
 .ARM.attributes
                0x000000000000041b       0x34 c:/st/stm32cubeide_1.12.1/stm32cubeide/plugins/com.st.stm32cube.ide.mcu.externaltools.gnu-tools-for-stm32.10.3-2021.10.win32_1.0.200.202301161003/tools/bin/../lib/gcc/arm-none-eabi/10.3.1/../../../../arm-none-eabi/lib/thumb/v7e-m+fp/hard\libc_nano.a(lib_a-strstr.o)
 .ARM.attributes
                0x000000000000044f       0x1e c:/st/stm32cubeide_1.12.1/stm32cubeide/plugins/com.st.stm32cube.ide.mcu.externaltools.gnu-tools-for-stm32.10.3-2021.10.win32_1.0.200.202301161003/tools/bin/../lib/gcc/arm-none-eabi/10.3.1/thumb/v7e-m+fp/hard\libgcc.a(_aeabi_uldivmod.o)
 .ARM.attributes
                0x000000000000046d       0x34 c:/st/stm32cubeide_1.12.1/stm32cubeide/plugins/com.st.stm32cube.ide.mcu.externaltools.gnu-tools-for-stm32.10.3-2021.10.win32_1.0.200.202301161003/tools/bin/../lib/gcc/arm-none-eabi/10.3.1/thumb/v7e-m+fp/hard\libgcc.a(_udivmoddi4.o)
 .ARM.attributes
                0x00000000000004a1       0x1e c:/st/stm32cubeide_1.12.1/stm32cubeide/plugins/com.st.stm32cube.ide.mcu.externaltools.gnu-tools-for-stm32.10.3-2021.10.win32_1.0.200.202301161003/tools/bin/../lib/gcc/arm-none-eabi/10.3.1/thumb/v7e-m+fp/hard\libgcc.a(_dvmd_tls.o)
 .ARM.attributes
                0x00000000000004bf       0x1e c:/st/stm32cubeide_1.12.1/stm32cubeide/plugins/com.st.stm32cube.ide.mcu.externaltools.gnu-tools-for-stm32.10.3-2021.10.win32_1.0.200.202301161003/tools/bin/../lib/gcc/arm-none-eabi/10.3.1/thumb/v7e-m+fp/hard/crtn.o
OUTPUT(RemoteFireControl.elf elf32-littlearm)
LOAD linker stubs
LOAD c:/st/stm32cubeide_1.12.1/stm32cubeide/plugins/com.st.stm32cube.ide.mcu.externaltools.gnu-tools-for-stm32.10.3-2021.10.win32_1.0.200.202301161003/tools/bin/../lib/gcc/arm-none-eabi/10.3.1/../../../../arm-none-eabi/lib/thumb/v7e-m+fp/hard\libc.a
LOAD c:/st/stm32cubeide_1.12.1/stm32cubeide/plugins/com.st.stm32cube.ide.mcu.externaltools.gnu-tools-for-stm32.10.3-2021.10.win32_1.0.200.202301161003/tools/bin/../lib/gcc/arm-none-eabi/10.3.1/../../../../arm-none-eabi/lib/thumb/v7e-m+fp/hard\libm.a
LOAD c:/st/stm32cubeide_1.12.1/stm32cubeide/plugins/com.st.stm32cube.ide.mcu.externaltools.gnu-tools-for-stm32.10.3-2021.10.win32_1.0.200.202301161003/tools/bin/../lib/gcc/arm-none-eabi/10.3.1/thumb/v7e-m+fp/hard\libgcc.a

.debug_info     0x0000000000000000     0xfb20
 .debug_info    0x0000000000000000      0x99d ./Core/Src/ESP_Handle.o
 .debug_info    0x000000000000099d      0x74d ./Core/Src/ServoMotor.o
 .debug_info    0x00000000000010ea      0x73b ./Core/Src/dcMotor.o
 .debug_info    0x0000000000001825      0x996 ./Core/Src/it.o
 .debug_info    0x00000000000021bb     0x16af ./Core/Src/main.o
 .debug_info    0x000000000000386a     0x1188 ./Core/Src/msp.o
 .debug_info    0x00000000000049f2      0x6d9 ./Core/Src/stepMotor.o
 .debug_info    0x00000000000050cb      0x523 ./Core/Src/system_stm32f4xx.o
 .debug_info    0x00000000000055ee       0x22 ./Core/Startup/startup_stm32f407vgtx.o
 .debug_info    0x0000000000005610      0x97c ./Drivers/STM32F4xx_HAL_Driver/Src/stm32f4xx_hal.o
 .debug_info    0x0000000000005f8c      0xe1b ./Drivers/STM32F4xx_HAL_Driver/Src/stm32f4xx_hal_cortex.o
 .debug_info    0x0000000000006da7      0x94f ./Drivers/STM32F4xx_HAL_Driver/Src/stm32f4xx_hal_dma.o
 .debug_info    0x00000000000076f6      0x76a ./Drivers/STM32F4xx_HAL_Driver/Src/stm32f4xx_hal_gpio.o
 .debug_info    0x0000000000007e60      0x966 ./Drivers/STM32F4xx_HAL_Driver/Src/stm32f4xx_hal_rcc.o
 .debug_info    0x00000000000087c6     0x2bbe ./Drivers/STM32F4xx_HAL_Driver/Src/stm32f4xx_hal_tim.o
 .debug_info    0x000000000000b384     0x15e0 ./Drivers/STM32F4xx_HAL_Driver/Src/stm32f4xx_hal_tim_ex.o
 .debug_info    0x000000000000c964     0x31bc ./Drivers/STM32F4xx_HAL_Driver/Src/stm32f4xx_hal_uart.o

.debug_abbrev   0x0000000000000000     0x21ff
 .debug_abbrev  0x0000000000000000      0x21c ./Core/Src/ESP_Handle.o
 .debug_abbrev  0x000000000000021c      0x19e ./Core/Src/ServoMotor.o
 .debug_abbrev  0x00000000000003ba      0x186 ./Core/Src/dcMotor.o
 .debug_abbrev  0x0000000000000540      0x199 ./Core/Src/it.o
 .debug_abbrev  0x00000000000006d9      0x308 ./Core/Src/main.o
 .debug_abbrev  0x00000000000009e1      0x1cc ./Core/Src/msp.o
 .debug_abbrev  0x0000000000000bad      0x188 ./Core/Src/stepMotor.o
 .debug_abbrev  0x0000000000000d35      0x116 ./Core/Src/system_stm32f4xx.o
 .debug_abbrev  0x0000000000000e4b       0x12 ./Core/Startup/startup_stm32f407vgtx.o
 .debug_abbrev  0x0000000000000e5d      0x20d ./Drivers/STM32F4xx_HAL_Driver/Src/stm32f4xx_hal.o
 .debug_abbrev  0x000000000000106a      0x316 ./Drivers/STM32F4xx_HAL_Driver/Src/stm32f4xx_hal_cortex.o
 .debug_abbrev  0x0000000000001380      0x25b ./Drivers/STM32F4xx_HAL_Driver/Src/stm32f4xx_hal_dma.o
 .debug_abbrev  0x00000000000015db      0x1c4 ./Drivers/STM32F4xx_HAL_Driver/Src/stm32f4xx_hal_gpio.o
 .debug_abbrev  0x000000000000179f      0x2aa ./Drivers/STM32F4xx_HAL_Driver/Src/stm32f4xx_hal_rcc.o
 .debug_abbrev  0x0000000000001a49      0x25d ./Drivers/STM32F4xx_HAL_Driver/Src/stm32f4xx_hal_tim.o
 .debug_abbrev  0x0000000000001ca6      0x265 ./Drivers/STM32F4xx_HAL_Driver/Src/stm32f4xx_hal_tim_ex.o
 .debug_abbrev  0x0000000000001f0b      0x2f4 ./Drivers/STM32F4xx_HAL_Driver/Src/stm32f4xx_hal_uart.o

.debug_aranges  0x0000000000000000      0xd00
 .debug_aranges
                0x0000000000000000       0x40 ./Core/Src/ESP_Handle.o
 .debug_aranges
                0x0000000000000040       0x38 ./Core/Src/ServoMotor.o
 .debug_aranges
                0x0000000000000078       0x30 ./Core/Src/dcMotor.o
 .debug_aranges
                0x00000000000000a8       0x38 ./Core/Src/it.o
 .debug_aranges
                0x00000000000000e0       0x88 ./Core/Src/main.o
 .debug_aranges
                0x0000000000000168       0x38 ./Core/Src/msp.o
 .debug_aranges
                0x00000000000001a0       0x60 ./Core/Src/stepMotor.o
 .debug_aranges
                0x0000000000000200       0x28 ./Core/Src/system_stm32f4xx.o
 .debug_aranges
                0x0000000000000228       0x28 ./Core/Startup/startup_stm32f407vgtx.o
 .debug_aranges
                0x0000000000000250       0xf0 ./Drivers/STM32F4xx_HAL_Driver/Src/stm32f4xx_hal.o
 .debug_aranges
                0x0000000000000340      0x118 ./Drivers/STM32F4xx_HAL_Driver/Src/stm32f4xx_hal_cortex.o
 .debug_aranges
                0x0000000000000458       0x90 ./Drivers/STM32F4xx_HAL_Driver/Src/stm32f4xx_hal_dma.o
 .debug_aranges
                0x00000000000004e8       0x58 ./Drivers/STM32F4xx_HAL_Driver/Src/stm32f4xx_hal_gpio.o
 .debug_aranges
                0x0000000000000540       0x88 ./Drivers/STM32F4xx_HAL_Driver/Src/stm32f4xx_hal_rcc.o
 .debug_aranges
                0x00000000000005c8      0x3d0 ./Drivers/STM32F4xx_HAL_Driver/Src/stm32f4xx_hal_tim.o
 .debug_aranges
                0x0000000000000998      0x168 ./Drivers/STM32F4xx_HAL_Driver/Src/stm32f4xx_hal_tim_ex.o
 .debug_aranges
                0x0000000000000b00      0x200 ./Drivers/STM32F4xx_HAL_Driver/Src/stm32f4xx_hal_uart.o

.debug_ranges   0x0000000000000000      0xc28
 .debug_ranges  0x0000000000000000       0x30 ./Core/Src/ESP_Handle.o
 .debug_ranges  0x0000000000000030       0x28 ./Core/Src/ServoMotor.o
 .debug_ranges  0x0000000000000058       0x20 ./Core/Src/dcMotor.o
 .debug_ranges  0x0000000000000078       0x28 ./Core/Src/it.o
 .debug_ranges  0x00000000000000a0       0x78 ./Core/Src/main.o
 .debug_ranges  0x0000000000000118       0x28 ./Core/Src/msp.o
 .debug_ranges  0x0000000000000140       0x50 ./Core/Src/stepMotor.o
 .debug_ranges  0x0000000000000190       0x18 ./Core/Src/system_stm32f4xx.o
 .debug_ranges  0x00000000000001a8       0x20 ./Core/Startup/startup_stm32f407vgtx.o
 .debug_ranges  0x00000000000001c8       0xe0 ./Drivers/STM32F4xx_HAL_Driver/Src/stm32f4xx_hal.o
 .debug_ranges  0x00000000000002a8      0x108 ./Drivers/STM32F4xx_HAL_Driver/Src/stm32f4xx_hal_cortex.o
 .debug_ranges  0x00000000000003b0       0x80 ./Drivers/STM32F4xx_HAL_Driver/Src/stm32f4xx_hal_dma.o
 .debug_ranges  0x0000000000000430       0x48 ./Drivers/STM32F4xx_HAL_Driver/Src/stm32f4xx_hal_gpio.o
 .debug_ranges  0x0000000000000478       0x78 ./Drivers/STM32F4xx_HAL_Driver/Src/stm32f4xx_hal_rcc.o
 .debug_ranges  0x00000000000004f0      0x3c0 ./Drivers/STM32F4xx_HAL_Driver/Src/stm32f4xx_hal_tim.o
 .debug_ranges  0x00000000000008b0      0x158 ./Drivers/STM32F4xx_HAL_Driver/Src/stm32f4xx_hal_tim_ex.o
 .debug_ranges  0x0000000000000a08      0x220 ./Drivers/STM32F4xx_HAL_Driver/Src/stm32f4xx_hal_uart.o

.debug_macro    0x0000000000000000    0x21dcd
 .debug_macro   0x0000000000000000      0x3e3 ./Core/Src/ESP_Handle.o
 .debug_macro   0x00000000000003e3      0xa78 ./Core/Src/ESP_Handle.o
 .debug_macro   0x0000000000000e5b      0x29b ./Core/Src/ESP_Handle.o
 .debug_macro   0x00000000000010f6       0x2e ./Core/Src/ESP_Handle.o
 .debug_macro   0x0000000000001124       0x2f ./Core/Src/ESP_Handle.o
 .debug_macro   0x0000000000001153       0x22 ./Core/Src/ESP_Handle.o
 .debug_macro   0x0000000000001175       0x8e ./Core/Src/ESP_Handle.o
 .debug_macro   0x0000000000001203       0x51 ./Core/Src/ESP_Handle.o
 .debug_macro   0x0000000000001254      0x103 ./Core/Src/ESP_Handle.o
 .debug_macro   0x0000000000001357       0x6a ./Core/Src/ESP_Handle.o
 .debug_macro   0x00000000000013c1      0x1df ./Core/Src/ESP_Handle.o
 .debug_macro   0x00000000000015a0       0x1c ./Core/Src/ESP_Handle.o
 .debug_macro   0x00000000000015bc       0x22 ./Core/Src/ESP_Handle.o
 .debug_macro   0x00000000000015de       0xd9 ./Core/Src/ESP_Handle.o
 .debug_macro   0x00000000000016b7     0x102d ./Core/Src/ESP_Handle.o
 .debug_macro   0x00000000000026e4      0x11f ./Core/Src/ESP_Handle.o
 .debug_macro   0x0000000000002803    0x15e82 ./Core/Src/ESP_Handle.o
 .debug_macro   0x0000000000018685       0x6d ./Core/Src/ESP_Handle.o
 .debug_macro   0x00000000000186f2     0x367e ./Core/Src/ESP_Handle.o
 .debug_macro   0x000000000001bd70      0x174 ./Core/Src/ESP_Handle.o
 .debug_macro   0x000000000001bee4       0x5c ./Core/Src/ESP_Handle.o
 .debug_macro   0x000000000001bf40      0x96b ./Core/Src/ESP_Handle.o
 .debug_macro   0x000000000001c8ab      0x9fe ./Core/Src/ESP_Handle.o
 .debug_macro   0x000000000001d2a9      0x115 ./Core/Src/ESP_Handle.o
 .debug_macro   0x000000000001d3be      0x13e ./Core/Src/ESP_Handle.o
 .debug_macro   0x000000000001d4fc       0xa5 ./Core/Src/ESP_Handle.o
 .debug_macro   0x000000000001d5a1      0x174 ./Core/Src/ESP_Handle.o
 .debug_macro   0x000000000001d715      0x287 ./Core/Src/ESP_Handle.o
 .debug_macro   0x000000000001d99c       0x5f ./Core/Src/ESP_Handle.o
 .debug_macro   0x000000000001d9fb      0x236 ./Core/Src/ESP_Handle.o
 .debug_macro   0x000000000001dc31      0x12c ./Core/Src/ESP_Handle.o
 .debug_macro   0x000000000001dd5d      0x21e ./Core/Src/ESP_Handle.o
 .debug_macro   0x000000000001df7b       0x2e ./Core/Src/ESP_Handle.o
 .debug_macro   0x000000000001dfa9      0x11a ./Core/Src/ESP_Handle.o
 .debug_macro   0x000000000001e0c3       0x7e ./Core/Src/ESP_Handle.o
 .debug_macro   0x000000000001e141       0x89 ./Core/Src/ESP_Handle.o
 .debug_macro   0x000000000001e1ca      0x8e6 ./Core/Src/ESP_Handle.o
 .debug_macro   0x000000000001eab0       0x47 ./Core/Src/ESP_Handle.o
 .debug_macro   0x000000000001eaf7      0x295 ./Core/Src/ESP_Handle.o
 .debug_macro   0x000000000001ed8c      0x12d ./Core/Src/ESP_Handle.o
 .debug_macro   0x000000000001eeb9       0x22 ./Core/Src/ESP_Handle.o
 .debug_macro   0x000000000001eedb       0x52 ./Core/Src/ESP_Handle.o
 .debug_macro   0x000000000001ef2d       0x1e ./Core/Src/ESP_Handle.o
 .debug_macro   0x000000000001ef4b       0x3c ./Core/Src/ESP_Handle.o
 .debug_macro   0x000000000001ef87       0x34 ./Core/Src/ESP_Handle.o
 .debug_macro   0x000000000001efbb       0x16 ./Core/Src/ESP_Handle.o
 .debug_macro   0x000000000001efd1       0x43 ./Core/Src/ESP_Handle.o
 .debug_macro   0x000000000001f014       0x34 ./Core/Src/ESP_Handle.o
 .debug_macro   0x000000000001f048       0x10 ./Core/Src/ESP_Handle.o
 .debug_macro   0x000000000001f058       0x58 ./Core/Src/ESP_Handle.o
 .debug_macro   0x000000000001f0b0       0x71 ./Core/Src/ESP_Handle.o
 .debug_macro   0x000000000001f121       0x1c ./Core/Src/ESP_Handle.o
 .debug_macro   0x000000000001f13d      0x12a ./Core/Src/ESP_Handle.o
 .debug_macro   0x000000000001f267      0x341 ./Core/Src/ESP_Handle.o
 .debug_macro   0x000000000001f5a8       0x10 ./Core/Src/ESP_Handle.o
 .debug_macro   0x000000000001f5b8       0x35 ./Core/Src/ESP_Handle.o
 .debug_macro   0x000000000001f5ed       0x20 ./Core/Src/ESP_Handle.o
 .debug_macro   0x000000000001f60d       0x16 ./Core/Src/ESP_Handle.o
 .debug_macro   0x000000000001f623       0x16 ./Core/Src/ESP_Handle.o
 .debug_macro   0x000000000001f639       0x29 ./Core/Src/ESP_Handle.o
 .debug_macro   0x000000000001f662       0x10 ./Core/Src/ESP_Handle.o
 .debug_macro   0x000000000001f672       0x1c ./Core/Src/ESP_Handle.o
 .debug_macro   0x000000000001f68e       0x10 ./Core/Src/ESP_Handle.o
 .debug_macro   0x000000000001f69e       0x10 ./Core/Src/ESP_Handle.o
 .debug_macro   0x000000000001f6ae       0x1c ./Core/Src/ESP_Handle.o
 .debug_macro   0x000000000001f6ca       0x52 ./Core/Src/ESP_Handle.o
 .debug_macro   0x000000000001f71c       0x22 ./Core/Src/ESP_Handle.o
 .debug_macro   0x000000000001f73e       0x10 ./Core/Src/ESP_Handle.o
 .debug_macro   0x000000000001f74e       0x52 ./Core/Src/ESP_Handle.o
 .debug_macro   0x000000000001f7a0       0xd5 ./Core/Src/ESP_Handle.o
 .debug_macro   0x000000000001f875       0x1c ./Core/Src/ESP_Handle.o
 .debug_macro   0x000000000001f891       0x3d ./Core/Src/ESP_Handle.o
 .debug_macro   0x000000000001f8ce       0x16 ./Core/Src/ESP_Handle.o
 .debug_macro   0x000000000001f8e4      0x145 ./Core/Src/ESP_Handle.o
 .debug_macro   0x000000000001fa29      0x326 ./Core/Src/ServoMotor.o
 .debug_macro   0x000000000001fd4f      0x322 ./Core/Src/dcMotor.o
 .debug_macro   0x0000000000020071      0x31e ./Core/Src/it.o
 .debug_macro   0x000000000002038f      0x324 ./Core/Src/main.o
 .debug_macro   0x00000000000206b3      0x31e ./Core/Src/msp.o
 .debug_macro   0x00000000000209d1      0x32c ./Core/Src/stepMotor.o
 .debug_macro   0x0000000000020cfd      0x1ce ./Core/Src/system_stm32f4xx.o
 .debug_macro   0x0000000000020ecb      0x22e ./Drivers/STM32F4xx_HAL_Driver/Src/stm32f4xx_hal.o
 .debug_macro   0x00000000000210f9      0x1ce ./Drivers/STM32F4xx_HAL_Driver/Src/stm32f4xx_hal_cortex.o
 .debug_macro   0x00000000000212c7      0x1d4 ./Drivers/STM32F4xx_HAL_Driver/Src/stm32f4xx_hal_dma.o
 .debug_macro   0x000000000002149b      0x1d4 ./Drivers/STM32F4xx_HAL_Driver/Src/stm32f4xx_hal_gpio.o
 .debug_macro   0x000000000002166f      0x1f2 ./Drivers/STM32F4xx_HAL_Driver/Src/stm32f4xx_hal_rcc.o
 .debug_macro   0x0000000000021861      0x1cf ./Drivers/STM32F4xx_HAL_Driver/Src/stm32f4xx_hal_tim.o
 .debug_macro   0x0000000000021a30      0x1ce ./Drivers/STM32F4xx_HAL_Driver/Src/stm32f4xx_hal_tim_ex.o
 .debug_macro   0x0000000000021bfe      0x1cf ./Drivers/STM32F4xx_HAL_Driver/Src/stm32f4xx_hal_uart.o

.debug_line     0x0000000000000000    0x1050a
 .debug_line    0x0000000000000000      0xb47 ./Core/Src/ESP_Handle.o
 .debug_line    0x0000000000000b47      0x8e0 ./Core/Src/ServoMotor.o
 .debug_line    0x0000000000001427      0x8d3 ./Core/Src/dcMotor.o
 .debug_line    0x0000000000001cfa      0x8da ./Core/Src/it.o
 .debug_line    0x00000000000025d4      0xbff ./Core/Src/main.o
 .debug_line    0x00000000000031d3      0x915 ./Core/Src/msp.o
 .debug_line    0x0000000000003ae8      0xa64 ./Core/Src/stepMotor.o
 .debug_line    0x000000000000454c      0x745 ./Core/Src/system_stm32f4xx.o
 .debug_line    0x0000000000004c91       0x88 ./Core/Startup/startup_stm32f407vgtx.o
 .debug_line    0x0000000000004d19      0x9ab ./Drivers/STM32F4xx_HAL_Driver/Src/stm32f4xx_hal.o
 .debug_line    0x00000000000056c4      0xc5a ./Drivers/STM32F4xx_HAL_Driver/Src/stm32f4xx_hal_cortex.o
 .debug_line    0x000000000000631e      0xf0f ./Drivers/STM32F4xx_HAL_Driver/Src/stm32f4xx_hal_dma.o
 .debug_line    0x000000000000722d      0xb1f ./Drivers/STM32F4xx_HAL_Driver/Src/stm32f4xx_hal_gpio.o
 .debug_line    0x0000000000007d4c      0xd27 ./Drivers/STM32F4xx_HAL_Driver/Src/stm32f4xx_hal_rcc.o
 .debug_line    0x0000000000008a73     0x369f ./Drivers/STM32F4xx_HAL_Driver/Src/stm32f4xx_hal_tim.o
 .debug_line    0x000000000000c112     0x19a8 ./Drivers/STM32F4xx_HAL_Driver/Src/stm32f4xx_hal_tim_ex.o
 .debug_line    0x000000000000daba     0x2a50 ./Drivers/STM32F4xx_HAL_Driver/Src/stm32f4xx_hal_uart.o

.debug_str      0x0000000000000000    0xcb0bf
 .debug_str     0x0000000000000000    0xc7982 ./Core/Src/ESP_Handle.o
                                      0xc7c73 (size before relaxing)
 .debug_str     0x00000000000c7982      0x2d1 ./Core/Src/ServoMotor.o
                                      0xc6bf0 (size before relaxing)
 .debug_str     0x00000000000c7c53       0x28 ./Core/Src/dcMotor.o
                                      0xc6bea (size before relaxing)
 .debug_str     0x00000000000c7c7b       0xc4 ./Core/Src/it.o
                                      0xc6dfc (size before relaxing)
 .debug_str     0x00000000000c7d3f      0x99e ./Core/Src/main.o
                                      0xc790b (size before relaxing)
 .debug_str     0x00000000000c86dd       0xfa ./Core/Src/msp.o
                                      0xc74b4 (size before relaxing)
 .debug_str     0x00000000000c87d7       0xcf ./Core/Src/stepMotor.o
                                      0xc6d57 (size before relaxing)
 .debug_str     0x00000000000c88a6       0x87 ./Core/Src/system_stm32f4xx.o
                                      0xc383c (size before relaxing)
 .debug_str     0x00000000000c892d       0x36 ./Core/Startup/startup_stm32f407vgtx.o
                                         0x64 (size before relaxing)
 .debug_str     0x00000000000c8963      0x5e4 ./Drivers/STM32F4xx_HAL_Driver/Src/stm32f4xx_hal.o
                                      0xc43c0 (size before relaxing)
 .debug_str     0x00000000000c8f47      0x30c ./Drivers/STM32F4xx_HAL_Driver/Src/stm32f4xx_hal_cortex.o
                                      0xc40f3 (size before relaxing)
 .debug_str     0x00000000000c9253      0x323 ./Drivers/STM32F4xx_HAL_Driver/Src/stm32f4xx_hal_dma.o
                                      0xc3c56 (size before relaxing)
 .debug_str     0x00000000000c9576       0xf2 ./Drivers/STM32F4xx_HAL_Driver/Src/stm32f4xx_hal_gpio.o
                                      0xc39b7 (size before relaxing)
 .debug_str     0x00000000000c9668      0x233 ./Drivers/STM32F4xx_HAL_Driver/Src/stm32f4xx_hal_rcc.o
                                      0xc3c70 (size before relaxing)
 .debug_str     0x00000000000c989b      0xd79 ./Drivers/STM32F4xx_HAL_Driver/Src/stm32f4xx_hal_tim.o
                                      0xc4bb6 (size before relaxing)
 .debug_str     0x00000000000ca614      0x503 ./Drivers/STM32F4xx_HAL_Driver/Src/stm32f4xx_hal_tim_ex.o
                                      0xc43d2 (size before relaxing)
 .debug_str     0x00000000000cab17      0x5a8 ./Drivers/STM32F4xx_HAL_Driver/Src/stm32f4xx_hal_uart.o
                                      0xc420f (size before relaxing)

.comment        0x0000000000000000       0x50
 .comment       0x0000000000000000       0x50 ./Core/Src/ESP_Handle.o
                                         0x51 (size before relaxing)
 .comment       0x0000000000000050       0x51 ./Core/Src/ServoMotor.o
 .comment       0x0000000000000050       0x51 ./Core/Src/dcMotor.o
 .comment       0x0000000000000050       0x51 ./Core/Src/it.o
 .comment       0x0000000000000050       0x51 ./Core/Src/main.o
 .comment       0x0000000000000050       0x51 ./Core/Src/msp.o
 .comment       0x0000000000000050       0x51 ./Core/Src/stepMotor.o
 .comment       0x0000000000000050       0x51 ./Core/Src/system_stm32f4xx.o
 .comment       0x0000000000000050       0x51 ./Drivers/STM32F4xx_HAL_Driver/Src/stm32f4xx_hal.o
 .comment       0x0000000000000050       0x51 ./Drivers/STM32F4xx_HAL_Driver/Src/stm32f4xx_hal_cortex.o
 .comment       0x0000000000000050       0x51 ./Drivers/STM32F4xx_HAL_Driver/Src/stm32f4xx_hal_dma.o
 .comment       0x0000000000000050       0x51 ./Drivers/STM32F4xx_HAL_Driver/Src/stm32f4xx_hal_gpio.o
 .comment       0x0000000000000050       0x51 ./Drivers/STM32F4xx_HAL_Driver/Src/stm32f4xx_hal_rcc.o
 .comment       0x0000000000000050       0x51 ./Drivers/STM32F4xx_HAL_Driver/Src/stm32f4xx_hal_tim.o
 .comment       0x0000000000000050       0x51 ./Drivers/STM32F4xx_HAL_Driver/Src/stm32f4xx_hal_tim_ex.o
 .comment       0x0000000000000050       0x51 ./Drivers/STM32F4xx_HAL_Driver/Src/stm32f4xx_hal_uart.o

.debug_frame    0x0000000000000000     0x35e8
 .debug_frame   0x0000000000000000       0xb0 ./Core/Src/ESP_Handle.o
 .debug_frame   0x00000000000000b0       0x8c ./Core/Src/ServoMotor.o
 .debug_frame   0x000000000000013c       0x70 ./Core/Src/dcMotor.o
 .debug_frame   0x00000000000001ac       0x80 ./Core/Src/it.o
 .debug_frame   0x000000000000022c      0x1d4 ./Core/Src/main.o
 .debug_frame   0x0000000000000400       0x98 ./Core/Src/msp.o
 .debug_frame   0x0000000000000498      0x15c ./Core/Src/stepMotor.o
 .debug_frame   0x00000000000005f4       0x58 ./Core/Src/system_stm32f4xx.o
 .debug_frame   0x000000000000064c      0x374 ./Drivers/STM32F4xx_HAL_Driver/Src/stm32f4xx_hal.o
 .debug_frame   0x00000000000009c0      0x498 ./Drivers/STM32F4xx_HAL_Driver/Src/stm32f4xx_hal_cortex.o
 .debug_frame   0x0000000000000e58      0x250 ./Drivers/STM32F4xx_HAL_Driver/Src/stm32f4xx_hal_dma.o
 .debug_frame   0x00000000000010a8      0x14c ./Drivers/STM32F4xx_HAL_Driver/Src/stm32f4xx_hal_gpio.o
 .debug_frame   0x00000000000011f4      0x1f4 ./Drivers/STM32F4xx_HAL_Driver/Src/stm32f4xx_hal_rcc.o
 .debug_frame   0x00000000000013e8     0x11c4 ./Drivers/STM32F4xx_HAL_Driver/Src/stm32f4xx_hal_tim.o
 .debug_frame   0x00000000000025ac      0x638 ./Drivers/STM32F4xx_HAL_Driver/Src/stm32f4xx_hal_tim_ex.o
 .debug_frame   0x0000000000002be4      0x92c ./Drivers/STM32F4xx_HAL_Driver/Src/stm32f4xx_hal_uart.o
 .debug_frame   0x0000000000003510       0x2c c:/st/stm32cubeide_1.12.1/stm32cubeide/plugins/com.st.stm32cube.ide.mcu.externaltools.gnu-tools-for-stm32.10.3-2021.10.win32_1.0.200.202301161003/tools/bin/../lib/gcc/arm-none-eabi/10.3.1/../../../../arm-none-eabi/lib/thumb/v7e-m+fp/hard\libc_nano.a(lib_a-init.o)
 .debug_frame   0x000000000000353c       0x20 c:/st/stm32cubeide_1.12.1/stm32cubeide/plugins/com.st.stm32cube.ide.mcu.externaltools.gnu-tools-for-stm32.10.3-2021.10.win32_1.0.200.202301161003/tools/bin/../lib/gcc/arm-none-eabi/10.3.1/../../../../arm-none-eabi/lib/thumb/v7e-m+fp/hard\libc_nano.a(lib_a-memset.o)
 .debug_frame   0x000000000000355c       0x2c c:/st/stm32cubeide_1.12.1/stm32cubeide/plugins/com.st.stm32cube.ide.mcu.externaltools.gnu-tools-for-stm32.10.3-2021.10.win32_1.0.200.202301161003/tools/bin/../lib/gcc/arm-none-eabi/10.3.1/../../../../arm-none-eabi/lib/thumb/v7e-m+fp/hard\libc_nano.a(lib_a-strstr.o)
 .debug_frame   0x0000000000003588       0x2c c:/st/stm32cubeide_1.12.1/stm32cubeide/plugins/com.st.stm32cube.ide.mcu.externaltools.gnu-tools-for-stm32.10.3-2021.10.win32_1.0.200.202301161003/tools/bin/../lib/gcc/arm-none-eabi/10.3.1/thumb/v7e-m+fp/hard\libgcc.a(_aeabi_uldivmod.o)
 .debug_frame   0x00000000000035b4       0x34 c:/st/stm32cubeide_1.12.1/stm32cubeide/plugins/com.st.stm32cube.ide.mcu.externaltools.gnu-tools-for-stm32.10.3-2021.10.win32_1.0.200.202301161003/tools/bin/../lib/gcc/arm-none-eabi/10.3.1/thumb/v7e-m+fp/hard\libgcc.a(_udivmoddi4.o)
